servidorsito.com
nubesini.com
google.com
blogger.com
box.com
businessinsider.com
businesswire.com
canva.com
cbsnews.com
clevelandclinic.org
coolmathgames.com
costco.com
kickstarter.com
kohls.com
nbcnews.com
netflix.com
nextdoor.com
nexusmods.com
nintendo.com
nps.gov
nytimes.com
office.com
outlook.com
tandfonline.com
techcrunch.com
tesla.com
0.drive.google.com
02-graphics.fr
112rivierenland.nl
123.atw.hu
123.org
1890.no
1ip.blogspot.com
1stop.usgs.gov
23.gs
2600.brighton.org
28thinfantrydivisionassoc.org
3.dk
360it.nl
4daagse.nl
4or6.com
4smart.cz
6.qjym.de
6010.ch
6fei.com.cn
6inaction.ltfe.org
6lab.cisco.com
6lab.cz
6rank.edu.cn
6sync.com
6xq.net
7f.dk
8n1.org
90fm.nl
96.fi
a3f.org
a6-freunde.com
aa.am
aa.gg
aai.dfn.de
aare.pri.ee
abacustech.co.jp
abletech.co.nz
about.search.ch
abr.vg
acars.at
access.net.id
accounting.edcal.com
achilles.noc.ntua.gr
acki.es
acr.fi
addons.mozilla.org
addonsoftware.com
adelpha.wdwn.nl
admin.interhost.no
admin.squla.nl
adslgr.com
aeprovi.org.ec
aerofly-sim.de
afcsoac.blogspot.com
agapebrno.cz
agava.ru
aiddistribution.com.au
airplayradio.nl
aisa.ip6.fi.muni.cz
aisecure.net
ajinc.wizlearn.com
akjansen.home.xs4all.nl
aktualne.centrum.cz
akumat.pl
alac.org.nz
alanbuxey.co.uk
alancarbol.cz
alblue.bandlem.com
alboweb.nl
alcatraz.wohnheim.uni-kl.de
alexs.de
alfa-inet.net
alisonw.com
Alledal.net
alopex.li
alpha.uhasselt.be
alsys.ro
alt-music.org
altopia.com
alus.bkc.lv
alxb.se
amandur.dk
amazingmonk.com
amerikansktgodis.com
amha.fastre.info
amis.net
amnesiak.org
amnic.net
amp.fas.gsa.gov
ampersant.be
amsterdamian.com
andcoaching-clients.com
andcycle.idv.tw
anders.zyxel.no
andre-ballensiefen.de
andtheabigoesto.de
andymillar.co.uk
angband.pl
angiogram.com
ani1050.sci.am
aniki.info
animenfo.com
an-it.com
anketa.um.si
announce.yz.yamagata-u.ac.jp
anope.org
antagonist.nl
ante.lv
antivirus.neu6.edu.cn
antwal.eu
ap.gov
apa.si.edu
apachehaus.com
api.cosm.com
api.rapidswitch.com
api.telegraaf.nl
apinc.org
ap-ipv6tf.org
apolloduck.cn
app.codeportal.net
applebylodge.co.uk
appliedirc.com
apply07.grants.gov
apps.gslb.citrix.com
apps-on-air.com
apr.ed.gov
aptosid.com
arab.spankwiki.net
arachne.uevora.pt
arcada.fi
archive.therua.net
archive.ubuntu.com
arconnect.eu
ares.network23.ch
arg.cmm.ki.si
ariana.org
arkolog.dk
arnold.mpo.cz
arnoldbechtoldt.de
arnowelzel.de
arplaswelding.com
arrabiata.de
artema.cz
arthurfabre.com
as17732.net
as58551.net
as8681.net
ascension.draxinusom.ch
ashe.im
asia.replygrid.net
asramatpb.ipb.ac.id
assusite.nl
astaro.com
asthmaatoz.org
astraiax.de
astrology-reading.com.au
astutium.com
asusfonepad.com
atak.nl
athmer.name
atila2012.nl
atistar.net
atman.pl
atom.geek.nz
aton.maplepark.com
augustin.pl
auno.org
aurel32.net
aurorazero.com
ausgamers.com
autosvit.net
availo.no
aventine.modpro.be
awt.be
axu.tm
ayy.fi
az.evg33.ru
azns.it
azuria.net
baby-greenhouse.co.uk
bachofen.net
backfill.note-to-self.baker.com
backup.clublog.org
badminton-neubiberg.de
bahnhof.se
bandaancha.es
banjo.employees.org
bannerconnect.net
barakta.org.uk
barbara.bialy.info
barkie.net
bartknubben.nl
bartosova-ucto.cz
barum-pneu.cz
baseip.com
bash.kitinfo.de
bass.si
bastiat.org
bastinat0r.de
basun.sunet.se
baycom.org
bazooka.se
bbs.shisu6.edu.cn
bbs6.sjtu.edu.cn
bc.bie.edu
bcrc.nl
beautifulocean.org
beautyonline.ru
beehive.govt.nz
beercalc.dk
beheer.lameco.nl
bel.reading.ac.uk
belluno.linux.it
bender.boerde.de
bendovi.cz
beringsekuus.nl
berkeley.edu
best-forums.com
beta.madeintx.co
beta.ns1.net
beta24.clearaccess.com
beusergroup.co.uk
bexit.nl
bezso.hu
bgp.net.br
bgp.potaroo.net
bicos.de
bidb.mehmetakif.edu.tr
biedermeier.com.pl
bigimi.sk
biglobe.ne.jp
billgong.net
bin6.it
biotech.law.lsu.edu
biotechnologyonline.gov.au
biotop-label.net
bircd.org
birtles.org.uk
bitency.nl
bitrot.de
ene-enfermeria.org
ibfd.org
techkalture.com
trustoria.com
laosong.com.cn
ilsc.cn
herzog-it.de
honch-ind.com
smg.cn
innovation-image.com
bjyqy.cn
medianation.ru
caizibao.net
xpu.edu.cn
wangyunzhi.cn
china-teri.com
juhai101.com
mylabsys.com
dglcny.com
lcatj.com.cn
fjrmyy.com
s-ecl.com
jhjx66.cn
szlvsenlin.cn
2020t0t.cn
yanjiuhui.cn
buxeast.com
arduini.cc
zhwwk.com
hpbws.cn
goldenhorse-hanoi.com
89732.cn
bjxdshouj.com.cn
lwysc.com
lihongli8.cn
64137.cn
jszhyt.com
ad313.cn
fhmoto.cn
gamooney.com
coduy.cn
peishui.com.cn
popoan.cn
qjks110.cn
teshistone.cn
vb1m.cn
abortion.com.cn
szascent.cn
cqpiaowu.com
jrs123.net.cn
jglamp.cn
114we.com
crelectric.cn
xinsen.net.cn
qqqa.com.cn
gdrexian.cn
junsyoji.com
cunniang.cn
qcfaner.com
izet.cn
momhdporn.cc
pakasai.com.cn
fengwenjie.cn
53it.cn
xplnl.cn
vtmt.com.cn
fgxq.cn
koushai.cn
cqdingzhi.cn
oakbva.cn
qacskcsgag.cn
shangxunxinxi.cn
szzysp.com
austrasol.com
euya.com.cn
sgmcsb.com
cr36.cn
amnjewelry.cn
dygp6767.cn
exgf.cn
hkt6p.cn
hysp168.com
stupicks.com
prologo.cn
pinble.com.cn
yuqiaocun.com.cn
hbhyfjwzhs.cn
wfqite.com
artefluida.com
hlj6m.com.cn
gyadmty.cn
guiyikeji.cn
qualitychurchfurniture.com
lianshipos.cn
shxzbtb.com.cn
sytycd.cn
uboke.cn
dustier.cn
gn8q.cn
ooftt.cn
tangniao-bing.cn
tonycs.cn
vsck.cn
cpzphhf.cn
hanjunysj.com
nontz.cn
1992.net.cn
bonlion.cn
9420f.com
tianshangyuanhang.cn
d0to7x.cn
cntydm.cn
bigeng.com.cn
ffoa.com.cn
bpbbn.cn
tuopijixie.com.cn
sjialihuashenga.cn
tjhengchang.com
47225.cn
ecoaqua.cn
allforbaby.com.cn
sportsware.com.cn
sawgame.cn
lettiemalan.com
hnxgf.cn
pengyoutuan.com
ympw888.cn
gaxt.com.cn
coolhot.net.cn
wx183.com.cn
yninlandportlogistics.cn
safetydata.cn
jihouse.com
lalalu.com.cn
rangefinders.cn
hairschool.cn
szlld.cn
ledhao.com
fsheying.com.cn
lovelys.cn
okh8.cn
ytltfm.cn
digitalm.cn
jidijy.cn
bee-cafe.com.cn
hd3d.cn
bjxwtckj.cn
tlssm.cn
520sssq.cn
feixin360.com.cn
9aa6.cn
zjankang.com
chenweiting.com.cn
macifa.com
lansor.cn
zjxinzun.cn
jbnews.com.cn
sgscn.com.cn
kantuo.cn
lclyr.cn
ziborx.cn
tsslxdc.cn
zynjw.com
nexity.com.cn
xzdwdz.cn
rkfb.cn
512500.com.cn
teachingpositions.cn
bracq.cn
775645.cn
amarkets.cn
stupidisms.com
incenterit.com
12428.cn
aoood.cn
goodfoodrussia.cn
yqn.org.cn
iruo.com.cn
xiandong.com.cn
yhbxs.com.cn
oneesama.cn
92video.com.cn
guanghuajixie.cn
smrssz.cn
4y7z.com
mpgp.com.cn
xiaoshoujie.com
amplia.cn
cnscissors.com.cn
fuyu.net.cn
chaxiefe.cn
dxfl10.cn
gonkon.cn
iqli.cn
ynxxg.net.cn
vip29.cn
dt600.cn
oxaj.cn
howardjohnsonguiyang.cn
hua-ang.cn
pengjatun.com
tusx.com.cn
ninmeng.cn
richile.cn
ujhsz.cn
dmra.cn
dzhg119.com.cn
gzwxaz.cn
abrods.cn
slhz.com.cn
xacdy.cn
b494.cn
hunanrz.cn
mrperp.cn
anxinme.cn
pjbx.net.cn
chamais.cc
tachou.cn
pbvhhhh.com.cn
studentslive.cn
se0759.com
jugaolinxia.cn
nftdefi.cn
jnxsj.com
motorcycle-helmet.cn
oolaa.cn
dhatrhouse.com
021kongtiao.net.cn
xhf6688.cn
leaderone.cc
issnq.cn
shxinjia.com.cn
ccidea.cc
ojsd.com.cn
niu777.cn
dgws88.com
65922.cn
biaozheng.com.cn
sfonline.com.cn
maletherapist.cn
dzdswx.cn
hzzufz.cn
jhd88.com
gd820.cn
kongzha.cn
78lw.cn
ecmg-global.com
huangfh.cn
0759net.com.cn
fjjrlkb.cn
hanhanhm.cn
99999u.cn
khalid.cn
bwsjw.cn
www3288kj.com
bswang.cn
buntat.com.cn
discountgiftcard.cn
haiwotech.cn
vvgoo.cn
fangxinxia.cn
165062891.cn
tsmjy.com
ujdq.cn
govis.cn
feul.com.cn
ethanpark.cn
lymxkj.cn
swiue.cn
eduzone.cn
w7b5.com
kicksontrade.cn
irxo.cn
cnico.cn
rfnc.com.cn
mymaifanshi.com
ojy0898.cn
li-si.com
fengapp.cn
yuxihouse.com
cqkezhang.com
gm123.com.cn
6078755.cc
soul1.cc
emr.ch
foodre.jp
owncomforts.co.uk
onzzang.com
ikoma.lg.jp
eplus.bike
saharaseats.com
boodabike.com
real-riders.com
aswd.co.za
dumoulinbicyclettes.com
paulaalonso.es
mud-dock.co.uk
pocatellomarket.com
hexlox.com
popsye.com
worx.hu
catherinecole.com
prairiesupplyco.com
designerwatchshop.co.uk
tntsports.io
thewinningmargin.uk
costumijarana.com
alidada.fr
runnmore.com
schuitenminiaturen.nl
outfit-styles.com
jaish.gr.jp
kazoo.com.au
steampunkstore.fr
shoethebear.us
heatfreehair.com
soloartesmarciales.com
homesteadsupplier.com
vintagehatter.com
yogajeans.ca
timekeepersclayton.com
gaincity.com
hillsdrygoods.com
westernleathergoods.com
shn.ch
danishwool.com
emblemathletic.com
doctoreto.com
kokuyocamlin.com
aurahome.com.au
thesportstore.pk
dimmicosacerchi.it
specfictionshop.com
fanhqstore.com
silvery.co.za
presleycouture.com
completebirkenstock.com
piarossini.com
snrtv.com
citynailsinnewark.com
palladiumboots.co.uk
imgdataserver.com
mindfulsouls.com
cre8tioncrochet.com
973thedawg.com
kusan.co.uk
excite.de
pearlparadise.com
kvb-koeln.de
uds-hotels.com
cityofsomersettx.com
beasparfum.ru
onebrassfox.com
patek-philippe-nautilus.ru
createcraftlove.com
orukayak.com
thehoodiestore.com.au
kaufland.ro
hgrinc.com
homefurniturelife.com
froxx.co.uk
marstranslation.com
prozorro.sale
theseeker.ca
jacobin.de
ticketsms.it
vilburylondon.com
capland.net
k9ballistics.com
luckyraja.com
atomic-moto.com
mytaratata.com
galileonet.it
picdumidi.com
oxygenboutique.com
thesculptsociety.com
myboost.co
topceremonie.com
italia-informa.com
sugarbeeclothing.com
3dscapture.com
japanesechefsknife.com
doctorthailand.net
lazygirlrunning.com
bibsworld.com
thefrench.com
nesic.co.jp
weststigers.com.au
sartoro.co
wearespin.com
ruhrtriennale.de
tulum.ru
gls-pakete.de
emergencyresponderproducts.com
identitagolose.it
chenabgourmet.com
scigacz.pl
nttcom.co.jp
jfeed.com
career.io
netbid.com
sph.com.sg
cekuj.net
seebiz.eu
ag.it
notino.co.uk
erectionstore.us
asian-culture-shop.com
afamilycdn.com
gosite.com
asia-u.ac.jp
skiaustria.at
mediamarkt.ch
aircargoweek.com
nordicmuseum.org
potolokuyt.ru
donaronline.org
fcgs.gov.cn
boschendal.com
dailyguardian.com.ph
grandparents.com
pingodoce.pt
chapmantaylor.com
stringsbymail.com
sp.it
farmaline.be
onlylyon.com
diskomir.ru
laval-virtual.com
fyjs.cn
vuecinemas.nl
yumsugar.com
carabineros.cl
rhinoafrica.com
generasia.com
autoforum.cz
heerlen.nl
vdcasino.site
sakara.com
amsperformance.com
kixx.nl
smithandwollensky.com
trillmag.com
amnesty.at
sciotopost.com
centrocentro.org
indacloud.co
budweisertours.com
cialisblacksnorx.com
riograndeguardian.com
bozzuto.com
ralphsteadman.com
elmundo.cr
gemzstones.com
girlznation.com
rezeptwelt.de
precondo.ca
ampforwp.com
helpsite.com
theinvisiblegorilla.com
illinoisworknet.com
regulationasia.com
mozaffari.de
rprofi.ru
mostbetkztop.com
flashscore.info
no-harassment.net
afterelton.com
royalexaminer.com
pressesdesciencespo.fr
democraticac.de
marfapublicradio.org
teachrock.org
barclayslifeskills.com
curacaochronicle.com
internazionalibnlditalia.com
polarisindustries.com
ukna.org
coachboostgio.com
shotscope.com
stevemartin.com
gezondnu.nl
fumec.br
animanaturalis.org
io-warnemuende.de
bodyjewelry.com
tropicalaquarium.co.za
caymannewsservice.com
paulandjoe.com
pacificwarmuseum.org
cmil.com
ojodeaguamiami.com
neenahpaper.com
qau.edu.pk
voedselbankennederland.nl
joomla51.com
rescuedwithlove.org
moscow-baku.ru
toloka.ai
foodswinesfromspain.com
tpchd.org
gamersapparel.co.uk
politicker.com
tourettespodcast.com
velvetyne.fr
gosnursesleague.org
cme-mec.ca
gridserve.com
complexconsulting.co.uk
nournews.ir
epicserialls.online
center-2.ru
westerndailypress.co.uk
hovarda.cam
chromestory.com
marcuse.org
1win22089.ru
9610.com
1xbets-sport.com
europenowjournal.org
stavki-na-sport-prognozy1.ru
auksozvynas.lt
ckacialis.com
dailycartoonist.com
sitehis.com
mondedesgrandesecoles.fr
michael-kors-handbags.com.co
transcom-conference.com
ontrac.com
msubaroda.ac.in
lazernaya-epilyaciya33.ru
gdqy.edu.cn
dogalakustik.com
kat.cr
root.cern
stefan-keller.com
tmhcc.com
wilmington.edu
iqt.com.np
austinist.com
sstu.ru
canterbury.gov.uk
fotoanderson.com.br
whmcs.host
wiktormajak.com.pl
prima-news.ru
defensemirror.com
myturn.com
waldseer-fasnachtswiki.de
asyl-bilim.kz
mercmanifesto.org
crawley.gov.uk
ramco.com
citydeliva.com
hagelkonzept.de
grassrootshealth.net
solidaritycenter.org
53news.ru
burbelmaiers.com
socializer.info
zjedz.my
eechina.com
njsba.com
butkus.org
magnium-themes.com
energystorage.org
jpedpharm.com
peralta.edu
points-of-you.es
brownielocks.com
eyeo.com
reddsoundstudios.com
dear-lover.com
righttimesports.com
millennialmarketing.com
sands-uae.com
thedailynole.com
helfenfinearts.com
bpando.org
agoracosmopolitan.com
city04.kz
iucn.nl
vsechno-pro-manikuru.com
avanan.com
natureworksllc.com
marchien.net
1okno-krasnodar.ru
salonfifty4thirty.com
iwatchstuff.com
talky.io
jtcvs.org
privateproperty.pt
serde.rs
forpost-sz.ru
allaboutromance.com
allgame.com
sanjuanjournal.com
torchbrowser.com
cy.gov.tw
olimp-casino-kz1.com
simmarket.com
smarterselect.com
wikiprotest.com
thyblackman.com
slingbox.com
essaytigers.com
vysor.io
brianmeehan.com
koreadepart.com
aaanet.ru
sportbets16.ru
geohive.com
oddbird.net
kiwitreasurecasino.nz
sierraclub.ca
askaninja.com
mountainrootsonline.com
securly.com
unknowngenius.com
labassets.com
venturi.com
cryptogeek.info
thebarrybunch.be
rlslog.net
inthenews.co.uk
bgy.com.cn
earth-syst-sci-data.net
recovercovid.org
autolocksmithlocal.co.uk
cic.edu
unipack.ru
start.at
bocabearings.com
forodelguardiacivil.com
costacruise.com
inspirationalstories.com
ouryao.com
flra.gov
hackingarticles.in
cs2case.io
how2youtube.com
vectormediagroup.com
everyzing.com
handcarwash-deinze.be
easyrgb.com
timelycare.com
welnesbiolabs.com
pincocasino.net
laputan.org
thedoghousediaries.com
vidsplay.com
add0n.com
iris-tech.co.kr
construktiv.de
vouzounaras.gr
fearnode.net
ncrel.org
verkehrsverein-everswinkel.de
vox-casinos.pl
cuidadomayor.com
9lessons.info
shoout.co.uk
prabeshgroup.pl
capturingreality.com
dailythemedcrosswordanswers.com
thisonlineworld.com
bjbus.com
hrea.org
mblock.cc
mp3juices.vin
xsnet.cn
kellys-korner-xp.com
jdmtube.com
valiantmh.net
gates-of-olympus-wiki.ru
volleyhome.ru
vniro.ru
cz-boiler.com.cn
greenrecord.co.uk
newbedev.com
galinka.info
dubaiembroidery.ae
lehouwu.com
updum.com
zhiyunda.com
fl-jx.com
happyoffice.com.cn
alsrobot.com.cn
forgewang.com
aganguokui.cn
feianya.cn
hanpin0755.com
hdgjymm.com
hpjllab.com
laoyoujiaju.com
nanquan-insulation.com
tianxin-cn.net
hssdyxjs.cn
cpmin.com
yxwestlake.com
qianji.net
drtf.cn
cecsky.com
gbhju.cn
asmgl.cn
dgblle.cn
sg-emc.com.cn
buyassd.com
2md.com.cn
conguitos.cn
embedol.com
zyshutong.cn
uuchou.cn
angcen.cn
heyuecn.cn
csjwt.com
ahhfglkt.cn
gupu-data.cn
qmuq.cn
w1001.cn
51joys.com.cn
e9hl.cn
guitarssite.com
d2se.cn
hongyunmy.cn
grandmercurezhongya.com.cn
lyshn.cn
carlf-asia.com
95i188.cn
gdjjdz.com
910jobs.cn
lymybj.com
anyangkeji.com.cn
loftypd.com
shanlongchemnet.com.cn
digitalnuri.com
txmcu.com.cn
mayaled.cn
ytxld.com
yirenchaye.com
jj7733.com
miepo.cn
gsgqt.org.cn
gxjbc.cn
gzkids.cn
dajingstone.com
agahair.cn
onlinecomponents.com.cn
afpnews.com.cn
mediaphone.com.cn
surplex.cn
53229.cn
wdjhj.com.cn
jeq666.cn
soojia.com
whatsthemost.com
ahvk.com.cn
dechuan2009.cn
wirelessr.cn
h84c.cn
sdwsr.com.cn
inemd.cn
tatasons.cn
fy13.cn
bstoy.com.cn
48958.cn
mtlaw.cn
wetsuitquizzical.cn
hansleng.com.cn
jgzykt.com
bestwedding.com.cn
wei92.cn
bjjdss.cn
law91.cn
qlljj.cn
33ll55.cn
shlaikewujin.cn
09955.com.cn
ai1719.cn
ahgc.com.cn
dingruihui.cn
rentacenter.cn
fvbjc.cn
92591.com.cn
gztjt.com
446655.com.cn
mxif.cn
ztv-5.com.cn
nepalfamous.com
wanyuan.net.cn
tianchuanguoji.cn
gddywh.com
meiki.com.cn
bjbchjg.com
xkyeg.cn
oddfear.com
tsarcarpets.cn
pmkm.com.cn
everease.com.cn
rhbjbjzp.cn
picsify.cn
zjkskf.com
csdgm.cn
iluogou.cn
yinshuajob.cn
haoshengstone.com
kgrv.cn
thecampaign.cn
uu15.cn
attassets.com
58089.cn
11g25r.cn
qsac.cn
v16943.cn
cx-motor.com.cn
ovfiyjn.cn
grandfloor.cn
qqnong.cn
shanghai8000.cn
iqelu.cn
minimarket.cn
ruidagd.cn
xhxsw.com.cn
gta66.cn
huayilamp.com.cn
lhdpj.cn
sm-blog.cn
jlslxw.com
yuetagor.com
esprithome.cn
qdeca.cn
gafclic.com.cn
gaosuhua.cn
uiu.net.cn
t1865.com
bdhfamily.cn
dsdljx.com.cn
abnehmen.cn
haobaobe.cn
hbfsp.com
afeiblog.com.cn
bjldjy.com.cn
heyuanwai.cn
ycgkw.cn
teamage.com.cn
zhengyue.net.cn
rossandkevin.cn
topwx.cn
tuoyuanshafa.cn
liushanfu.com
98hl9.cn
spot-rp.com
qnepfbz.com.cn
ytaxshop.cn
hksgc.cn
wsqmc.cn
xbygkj.com.cn
cxldy9.cn
shanghai-webdesign.net
at7ocxhb.cn
onlinelearning.cn
jinyupifa.com
techhelp.cn
bbdzj.cn
robotbase.com.cn
600060.cn
cocoyo.cn
cambridgeenglish.org.cn
madaloud.com
g18k.cn
xfkmd.com.cn
jiaohuo.com.cn
cxxinyi.com
gourmet100.cn
bkzp.com.cn
jswjjx.com
swrl.com.cn
hbnqkj.com
222zg.cn
760666.cn
qqmj.net.cn
oguz.com.cn
szstk.cn
zq8e.cn
heuqm.cn
photodirector.cn
35536.cn
yunsystem.com
collagemaker.cn
mmmbmc.com.cn
fvaq.cn
polso.cn
shxghy.cn
qilienglish.com
icphoto.com.cn
lv113.cn
photoediting.cn
ybvip3876.com
kelaiso.cn
lakesidehotelfuzhou.cn
yumicheng.cn
jinxilai.com.cn
yes-english.com.cn
wnsr027com.cn
auto119.cn
bookinghealth.cn
founderpc.org.cn
wynyw.cn
rocket-internet.com.cn
wiaapp.cn
codearena.cn
pdsfdc.cn
qinguanjia.cn
fgfjy.cn
tshelp.cn
xinzhixu.cn
zgzdm.cn
cqxydec.com.cn
taxbd.cn
wanhuidai.cn
gzkaluoni.cn
panmulu.cn
brontibay.cn
kangshuailao.cn
zcmux.cn
rxcoin.cn
cqmq.com.cn
snarkfinance.com
newvisions.cc
babal6.com
industrialpanelpc.cn
hbmcnz.cn
nmgkunyu.com
creavision.cn
oh-no.cn
stoway.cn
wanliye.cn
xxes.cn
jruh.cn
plasmatechnology.com.cn
repshop.cn
adm8.cn
ledoutoys.cn
uuk69.com
egrvn.cn
tclabor.cn
gogobright.cn
cc2020.cn
qiabc.cn
wrdtc.cn
wijhyy.cn
ry8z.com
szanhong.cn
chengwo.net.cn
ggw.net.cn
m9778.com
155088.cn
meizhuangpin.com
banten.cn
wulaoqi.com
tythfxr.cn
qifengtech.cn
bjjmss.cn
xy116.cn
easye.cc
cfatestcenter.com.cn
6dpaaf8z.cn
liferx.com.cn
0086114.cn
czswlfldz.com.cn
ifdemo.cn
yiyouku.cn
lunfou.cn
weijiazhiye.cn
fanverse.cn
yuyuanchem.cn
jianpinhui.cn
smsvrbd.cn
10rooms.cn
xgkm.com.cn
libaotu.com
jxcx.net.cn
5566655.com
digital126.cn
gftzyz.cn
ajle.cn
34e6.com.cn
apggames.cn
sh-huazheng.com.cn
gaoyao8.cn
hzqr.com.cn
meilinguoji.cn
hongyedandan.cn
krems.cn
zjheater.cn
julongcheye.cn
dlqn.net.cn
digkr.com
cryptocurrencybank.cn
osteopathie.de
shoppinlove.com
sermons-online.org
allblingedoutitn.com
sposcore.com
zdifne.com
green-japan.com
stylerepresentative.com
eclecticcycle.com
nanumhub.com
anim-fx.com
aqua-park.jp
onetrackmind.bike
choice-hotels.jp
tv.nu
malayalamcinema.com
assets.schwarz
psych.or.jp
brivane.com
karatsu.lg.jp
bootysculpted.com
csdam.net
tilbea.com
gamecola.net
modern4u.co.za
fashiontrends.style
pellibags.com.au
madison-to-melrose.com
esslingen.de
stauntonandhenry.com
marinera.shop
finelineslingerie.com.au
mistermagorium.com
kidsdesigntheworld.com
floracing.com
m-pe.tv
universaltextiles.com.au
babypark.ua
osxbikerclothing.com
temprado.com
twogiraffes.ca
brownsmenswear.com
suzannecharles.co.uk
undertherose.co.uk
guidelook.fr
preciseurl.org
sellection.com
dousetsu.com
leatherworksinc.com
vegasteamstore.com
cincottachemist.com.au
apexoutfitter.com
87g.com
kidznbaby.com
prelovedpandoraboutique.com
terra-bike.es
heathcotes.co.nz
sincerelysilver.co
perfectpersonalisedgifts.com
mansuri.co.uk
modregohogar.com
gustharts.com
reeshma.com
metalroute.pl
benelic.com
fixshop.eu
refitted.pl
dolls.moe
gemfame.com
acli.it
lunchpailsandlipstick.com
mumuchu.com
dzg-online.de
thediplomatinspain.com
palmbeachvintage.com
univers-du-foot.com
slidebox.fr
kwanko.com
soccerlocker.ca
tongwei.cn
italiazakka.co.jp
edsports.ie
luibelle.com
pink-runway.mx
pleasance.co.uk
artsandcollections.com
pixfeeds.com
geothermie.de
styapokupayu.ru
tre.se
pkl.pl
meatpack.com
brm.co.nz
zentralratderjuden.de
reelstreets.com
ib-sh.de
lapunk.hu
uksportimports.com
catfootwear.co.za
crosstourownersclub.com
mystyleonthego.com
roller.de
jalis.fr
concernedwomen.org
uwu.ai
laprovinciacr.it
bearcuboutfitters.com
taplink.at
mhrs.gov.tr
samuelsonsdiamonds.com
compareviagracosts.quest
capezio.eu
eventfinda.com.au
akademiska.se
boletinoficial.gov.ar
monicarichkosann.com
getaheadhats.co.uk
udalmeriasad.com
desertchica.com
tallandier.com
gravity.co.kr
laserax.com
ufc.com.br
tjlcollection.com
themepul.co
montre-cardio-gps.fr
salom.com.tr
classicsworld.co.uk
cdr.cz
boredwalk.com
ozerki.ru
digitalegesellschaft.de
dawsoncity.ca
brennansneworleans.com
gayedating.com
matthewsvolvosite.com
westhighlandway.org
sitew.us
bhhscalifornia.com
uptech.team
acresusa.com
groovygroomsmengifts.com
turboscribe.ai
drawingtutorials101.com
lincolnshoepolish.com
mariashriver.com
vandb.fr
225batonrouge.com
agroportal.ua
chatters.ca
playacommunity.com
nrsb.org
i3f2.net
hopeforthewarriors.org
allaboutberlin.com
cosco.com
nowgrenada.com
purdys.com
raiseright.com
dogtv.com
aglty.io
coljuegos.gov.co
dolbytheatre.com
restrictcontentpro.com
dipgra.es
kabu-sokuhou.com
zeithistorische-forschungen.de
pennstateind.com
bpmoney.com.br
maxius.nl
beerplace.com.ua
scotborders.gov.uk
congatec.com
usgo-archive.org
vasco.eu
mybluehostin.me
historicbridges.org
beeline.co
point.com
pechat-vizitok11.ru
mr-online.nl
lsz.gov.cn
gares-sncf.com
theclash.com
waterwise.org.uk
pepperdinewaves.com
thinkdirtyapp.com
vesub.com
bluevirginia.us
lolli.com
bozeman.net
bestinau.com.au
220-electronics.com
abuyplaquenilcv.com
airsoftmegastore.com
fixerhub.com
gracery.com
curriculum51.net
govvrn.ru
adu.org.ua
webmeup.com
minnesotalawreview.org
laestacion.com
jbl.de
calcities.org
divorcecare.org
suniv.ac.in
brauberg.com
sugar-rush-pragmatic-play.com
kpkt.gov.my
casinofueradeespana.xyz
ipt.br
nic.org.uk
klimaatakkoord.nl
vyvod-iz-zapoya-rostov22.ru
araku.ac.ir
justsomelyrics.com
knightsplc.com
theaudiophileman.com
techbehindit.com
westgatereservations.com
snapmaker.com
princast.es
shebaonline.org
onlinecasinohex.ph
copyrightservice.co.uk
oodaloop.com
yumyumvideos.com
shuttle.eu
knwu.nl
hfhouse.com
slots-o-rama.com
beavertonoregon.gov
baby-kingdom.com
msmode.nl
playfame.com
ukhumanrightsblog.com
bnarts.jp
notarius-kulishova.ru
realesaletter.com
ucsdtritons.com
touchandgorecords.com
grapedrop.net
wbdo.pl
tvt.ne.jp
center-laa.ru
theskyeholland.com.sg
wegovy.trade
copenhagenfashionweek.com
skywars.com
soundproofcow.com
thomsonlinear.com
studyladder.com.au
blokt.com
speedski-cz.cz
bloomingbit.io
cheapoticketing.com
konabrewingco.com
xl.com
cshr.com.cn
abhilashakids.com
travelmamas.com
tweedehands.net
dailyenergyinsider.com
dorothee-schumacher.com
offwhitesonline.com
dom-ita.com
cereq.fr
univ-provence.fr
paulding.gov
smex.org
vpsserver.com
prestamoss.com.mx
gamebomb.ru
ecoaction.org.ua
advik.net
fakeupdate.net
ohiomemory.org
amu.tv
mooncup.co.uk
rew.ca
betsandreas-uz.com
nogin.com
cca-reports.ca
onlypult.com
reliablesoftware.com
superfos.com
flyt.digital
cryptohamsters.ru
supreme.com.co
deepcleanindia.com
hamweekly.com
parentinghealthybabies.com
harrassowitz-verlag.de
nextlab-semi.com
pro-fond.fr
casino-online-uden-rofus.com
taskcn.com
zabradli-znerezu.cz
hooled.it
karavan.bet
lush.ca
hative.com
festisite.com
port-montreal.com
ecrannoir.fr
top-casino.nl
microwavenews.com
tinypic.host
limefx.club
julianracosta.com
mitrasehatjurnal.com
gpszone.hu
lungfoundation.com.au
avalonhotelerie.com
noithatanhtuan.com
rajskitchennc.com
pccw.com
rickhansen.com
sabin.org
450warren.com
mtdproducts.hu
ipaa.org
horrors.ru
freedating4bbws.com
haveibeentrained.com
quidel.com
pearlmc.net
oposicioneslabfacultativos.com
florbalchomutov.cz
bani-ufa.ru
energyandcapital.com
gopax.co.kr
petratungarden.se
xn--80adjaap4adjbyjng8f.xn--p1ai
betteranime.art
gojsutigers.com
ovationtv.com
garant.org.kg
kupit-ajfon-cs1.ru
darkwebversus.com
placebuzz.com
jukinmedia.com
kofukuji.com
proufu.ru
slocumthemes.com
mackenzieinvestments.com
5gamericas.org
camelbet-casino.top
linux.cz
newschoolarch.edu
pasacasinon.com
canspace.ca
galabet898.com
france-jeunes.net
industrysourcing.com
itbusinessnet.com
arcticsilver.com
duetbanket.ru
dzine.ai
hrdepartment.com
samenblog.com
bacfilms.com
ukit.ac.id
youscan.io
alankodu.tr
twnic.net.tw
theinsaneapp.com
dnsc.edu.ph
urantia.org
iddeo.es
powerwerx.com
reinigungsforum.de
npf-stroycomplex.ru
battle-scape.com
atarimuseum.com
wilhelm-research.com
z-wave.com
sc2mapster.com
studiesabroad.com
geotimes.org
da-vinci.com.tw
mytaxi.com
grandpriximola.it
babipur.co.uk
article1.co.uk
outdoorsdirectory.com
esqh.net
tka.hu
privatecommunities.com
uq.net.au
rozbiorkidobicki.pl
tencentmusic.com
e3d-online.com
eurovision.org.ru
glvrd.ru
filmysiyappa.com
infowars.net
1drv.com
thelowerpool.com
cbrc.jp
av.com
spectrumglobalsolutions.com
lezermindenkinek.hu
locofy.ai
beta-bauland.de
astropy.org
nixnet.services
netboxlabs.com
helpwithdissertation.co.uk
angel-dimaria-ar.biz
hardcoredumper.com
news-mostbet-kz.ru
stackoom.com
trinamic.com
parvanicommercialgroup.com
snackprompt.com
apifox.cn
mlxinli.com
zhlead.com
szcityjn.com
cffex.com.cn
implecom.ru
fmart.com.cn
json.cn
chnhuadu.com
gd-hc.com
darong56.cn
lifesense.com
thfh.com
jszsx.com
hnhxgn.cn
hbsikailin.com
hnzjjlyy.com
china-haichen.com
networthsize.com
h35557.cc
6cccc.net
stives.cc
h4879.cn
ezwang.net
d726.cn
pbx100.cn
pqmu.com.cn
leehingfactory.com.cn
shop203.cn
0594ww.cn
ubfe.cn
hotelproperty.cn
kbrzw.cn
dxrw.com.cn
ww00271com.cn
bubblegum.com.cn
sixingke.com
shshhs.cn
7q8jvou.cn
saleway.cn
song1688.cn
qhhdsy.cn
smecapital.cn
can-tech.cn
hzddhtp.cn
laiyanzi8817.com.cn
googlepromotion.cn
nantongstation.com.cn
kaidike0919.cn
diefu.com.cn
833400.com
kj286.com
18degreesnorth.cn
ficm.cn
howardgroup.cn
lidaola.cn
bgafxt.cn
kkoial.cn
integrityplus.cn
ocbj.cn
narmai.cn
rsfzw.cn
ynflora.cn
520pz.com.cn
translegend.com
anerg.cn
senvge.cn
syxgpg.cn
qianzuhe.com.cn
abijf.cn
aszsw.cn
258zhe.com.cn
188fk.cn
whenart.com.cn
szquan.cn
vrkc.com.cn
qaqf.cn
kmycw.cn
shishangku.cn
xiaoyuanxiju.com
vuady.cn
xxbdz537.cn
smartevos.com
hzkailan.cn
savioke.cn
wfjiangong.cn
5dew.cn
sportsport.cn
53929.cn
606600.cn
bejer.cn
lifengxiang.cn
kajg.cn
tamilblay.com
miqam.com.cn
drye.cn
zizhishenqing.com.cn
dbssxx.cn
9gg7.cn
xmcy.com.cn
hekexin.cn
pclelutv.cn
taijuan.com.cn
osfs.cn
sxzt888.cn
dsb1.cn
cngsa.cn
51nbjj.cn
22box.cn
sumcat.cn
jingsky.net.cn
5ehr.com.cn
h13299.cn
canxiang.cn
gymkit.cn
jzrtdq.cn
qianming8qq.cn
zybbyy.cn
dongjiweinasi.cn
wujijian.cn
075700.cn
mtdo.com.cn
ndkzvg.cn
cbjk.com.cn
zunce.cn
adln.com.cn
gyprjy.com
wanxuanhui.com
chuyuangroup.com.cn
mbbro.cn
tulaoya.cn
cwcueeg.cn
chinatdk.com
rjshw.cn
fshmgy.com
shjswl.cn
polydor.cn
syymj.cn
9msy.cn
redarmypark.com.cn
sclongting.cn
zhangjiaganghotel.cn
lbpje.cn
tingjia.net.cn
rdod.cn
nanzet.cn
knkwjvfj.com.cn
interactivelab.cn
fasda.cn
ridewfo.cn
gouwu234.com
jiangxinghg.cn
lanxin361.com.cn
ljqmfy.cn
84027.cn
vyym.cn
bgzjn.cn
rakutodelivery.com.cn
xidninl.cn
numph.cn
akpifa.cn
jiankongcn.cn
onbo.net.cn
cnjoyfly.cn
99ea.cn
jointhealth.cn
autohubei.com.cn
mifeimao.cn
tints.cn
jinxinshe.cn
shchaxie.com
h8509.cn
blu-raydisc.cn
htjxk.cn
tl1166.com
zazhao.cn
likedoor.cn
roxonengineering.com
seedown.cn
i2346.cn
lihongli16.cn
nulkf.cn
xintianguoji.com.cn
anef.cn
2461x.cn
cnwcn.com.cn
bjsct.com.cn
tqttt.cn
rencaigu.cn
yhcbd.cn
cneph.cn
noriem.cn
ktub.cn
clckjyy.cn
rclib.cn
nemcentury.com
363wz.cn
brusque.cn
sylviasidney.com
bhvjocu.cn
qipaiche.com
shanghaishengwu.com.cn
jgw.org.cn
lhtaobao.com
senteruler.cn
teamusaf3p.com
shsohr.cn
yytest.com
pnmk.com.cn
llbj.net.cn
cntian.com.cn
pandemia.cn
zizhupay.com
rmmkw.cn
hjc2242.com
guashai.cn
gmpws.com
hadbest.cn
weiyajie.com.cn
dhxa.cn
bk007.cn
c902.cn
8be.com.cn
diyiqian.cn
kanglaifu.cn
gdxqk.cn
juxianluntan.com
nnbaa.cn
xn7pf.cn
sdchf.com
youll.cn
lingwan.com.cn
